{
  "aio": {
    "uncompressed": {
      "runtime": 4252,
      "main": 501754,
      "polyfills": 33862,
      "styles": 60209,
      "light-theme": 34317,
      "dark-theme": 34598
    }
  },
  "aio-local": {
    "uncompressed": {
      "runtime": 4252,
      "main": 501754,
      "polyfills": 33862,
      "styles": 60209,
      "light-theme": 34317,
      "dark-theme": 34598
    }
  }
}
